
Memory Configuration

Name             Origin             Length             Attributes
FLASH            0x08000000         0x00080000         xr
SRAM             0x20000000         0x00020000         xrw
*default*        0x00000000         0xffffffff

Linker script and memory map

LOAD gpio.o
LOAD main.o
LOAD stm32f446_startup.o
                0x20020000                _estack = (ORIGIN (SRAM) + LENGTH (SRAM))
                0x00000200                __max_heap_size = 0x200
                0x00000400                __max_stack_size = 0x400

.text           0x08000000      0x150
                0x08000000                . = ALIGN (0x4)
 *(.isr_vector_tbl)
 .isr_vector_tbl
                0x08000000       0x14 stm32f446_startup.o
                0x08000000                vector_tbl
 *(.text)
 .text          0x08000014       0x70 gpio.o
                0x08000014                led_init
                0x0800004c                led_on
                0x08000068                led_off
 .text          0x08000084       0x40 main.o
                0x08000084                main
 .text          0x080000c4       0x8c stm32f446_startup.o
                0x080000c4                NMI_Handler
                0x080000c4                MemManage_Handler
                0x080000c4                Default_Handler
                0x080000c4                HardFault_Handler
                0x080000ca                Reset_Handler
 *(.rodata)
                0x08000150                . = ALIGN (0x4)
                0x08000150                _etext = .

.glue_7         0x08000150        0x0
 .glue_7        0x08000150        0x0 linker stubs

.glue_7t        0x08000150        0x0
 .glue_7t       0x08000150        0x0 linker stubs

.vfp11_veneer   0x08000150        0x0
 .vfp11_veneer  0x08000150        0x0 linker stubs

.v4_bx          0x08000150        0x0
 .v4_bx         0x08000150        0x0 linker stubs

.iplt           0x08000150        0x0
 .iplt          0x08000150        0x0 main.o

.rel.dyn        0x08000150        0x0
 .rel.iplt      0x08000150        0x0 main.o

.data           0x20000000        0x0 load address 0x08000150
                0x20000000                . = ALIGN (0x4)
                0x20000000                _sdata = .
 *(.data)
 .data          0x20000000        0x0 gpio.o
 .data          0x20000000        0x0 main.o
 .data          0x20000000        0x0 stm32f446_startup.o
                0x20000000                . = ALIGN (0x4)
                0x20000000                _edata = .

.igot.plt       0x20000000        0x0 load address 0x08000150
 .igot.plt      0x20000000        0x0 main.o

.bss            0x20000000        0x0 load address 0x08000150
                0x20000000                . = ALIGN (0x4)
                0x20000000                _sbss = .
 *(.bss)
 .bss           0x20000000        0x0 gpio.o
 .bss           0x20000000        0x0 main.o
 .bss           0x20000000        0x0 stm32f446_startup.o
                0x20000000                . = ALIGN (0x4)
                0x20000000                _ebss = .
OUTPUT(out.elf elf32-littlearm)
LOAD linker stubs

.comment        0x00000000       0x49
 .comment       0x00000000       0x49 gpio.o
                                 0x4a (size before relaxing)
 .comment       0x00000049       0x4a main.o
 .comment       0x00000049       0x4a stm32f446_startup.o

.ARM.attributes
                0x00000000       0x2e
 .ARM.attributes
                0x00000000       0x2e gpio.o
 .ARM.attributes
                0x0000002e       0x2e main.o
 .ARM.attributes
                0x0000005c       0x2e stm32f446_startup.o
