
Memory Configuration

Name             Origin             Length             Attributes
FLASH            0x08000000         0x00080000         xr
SRAM             0x20000000         0x00020000         xrw
*default*        0x00000000         0xffffffff

Linker script and memory map

LOAD gpio.o
LOAD main.o
LOAD systick.o
LOAD stm32f446_startup.o
                0x20020000                _estack = (ORIGIN (SRAM) + LENGTH (SRAM))
                0x00000200                __max_heap_size = 0x200
                0x00000400                __max_stack_size = 0x400

.text           0x08000000      0x20c
                0x08000000                . = ALIGN (0x4)
 *(.isr_vector_tbl)
 .isr_vector_tbl
                0x08000000       0x14 stm32f446_startup.o
                0x08000000                vector_tbl
 *(.text)
 .text          0x08000014       0xe8 gpio.o
                0x08000014                button_init
                0x0800004c                led_init
                0x08000084                led_on
                0x080000a0                led_off
                0x080000bc                led_toggle
                0x080000d8                get_btn_state
 .text          0x080000fc       0x1a main.o
                0x080000fc                main
 *fill*         0x08000116        0x2 
 .text          0x08000118       0x68 systick.o
                0x08000118                systick_delay_ms
 .text          0x08000180       0x8c stm32f446_startup.o
                0x08000180                NMI_Handler
                0x08000180                MemManage_Handler
                0x08000180                Default_Handler
                0x08000180                HardFault_Handler
                0x08000186                Reset_Handler
 *(.rodata)
                0x0800020c                . = ALIGN (0x4)
                0x0800020c                _etext = .

.glue_7         0x0800020c        0x0
 .glue_7        0x0800020c        0x0 linker stubs

.glue_7t        0x0800020c        0x0
 .glue_7t       0x0800020c        0x0 linker stubs

.vfp11_veneer   0x0800020c        0x0
 .vfp11_veneer  0x0800020c        0x0 linker stubs

.v4_bx          0x0800020c        0x0
 .v4_bx         0x0800020c        0x0 linker stubs

.iplt           0x0800020c        0x0
 .iplt          0x0800020c        0x0 main.o

.rel.dyn        0x0800020c        0x0
 .rel.iplt      0x0800020c        0x0 main.o

.data           0x20000000        0x0 load address 0x0800020c
                0x20000000                . = ALIGN (0x4)
                0x20000000                _sdata = .
 *(.data)
 .data          0x20000000        0x0 gpio.o
 .data          0x20000000        0x0 main.o
 .data          0x20000000        0x0 systick.o
 .data          0x20000000        0x0 stm32f446_startup.o
                0x20000000                . = ALIGN (0x4)
                0x20000000                _edata = .

.igot.plt       0x20000000        0x0 load address 0x0800020c
 .igot.plt      0x20000000        0x0 main.o

.bss            0x20000000        0x0 load address 0x0800020c
                0x20000000                . = ALIGN (0x4)
                0x20000000                _sbss = .
 *(.bss)
 .bss           0x20000000        0x0 gpio.o
 .bss           0x20000000        0x0 main.o
 .bss           0x20000000        0x0 systick.o
 .bss           0x20000000        0x0 stm32f446_startup.o
                0x20000000                . = ALIGN (0x4)
                0x20000000                _ebss = .
OUTPUT(out.elf elf32-littlearm)
LOAD linker stubs

.comment        0x00000000       0x49
 .comment       0x00000000       0x49 gpio.o
                                 0x4a (size before relaxing)
 .comment       0x00000049       0x4a main.o
 .comment       0x00000049       0x4a systick.o
 .comment       0x00000049       0x4a stm32f446_startup.o

.ARM.attributes
                0x00000000       0x2e
 .ARM.attributes
                0x00000000       0x2e gpio.o
 .ARM.attributes
                0x0000002e       0x2e main.o
 .ARM.attributes
                0x0000005c       0x2e systick.o
 .ARM.attributes
                0x0000008a       0x2e stm32f446_startup.o
